Microsoft Access encountered an error while importing the object 'Form1'.

Error encountered at line 232.
Expected: 'End'.  Found: <.
